[www.w3cschool.cn/echarts_tutorial/echarts_tutorial-mec528xa.html]
[backblue.gif]
[fade.gif]
[index.html]
[www.w3cschool.cn/statics/plugins/font-awesome/css/font-awesome.min.css]
[www.w3cschool.cn/statics/css/w3.css]
[www.w3cschool.cn/statics/css/style-kn-project-view.css]
[www.w3cschool.cn/statics/css/style-theme.css]
[www.w3cschool.cn/statics/css/project.css]
[www.w3cschool.cn/plugins/highlight/highlight.pack.js]
[www.w3cschool.cn/statics/js/jquery-1.8.3.min.js]
[www.w3cschool.cn/statics/plugins/jquery-slimscroll/jquery.slimscroll.min.js]
[www.w3cschool.cn/statics/js/project.leftbox.js]
[7nsts.w3cschool.cn/images/w3c/header-logo.png]
[7nsts.w3cschool.cn/images/w3c/app-qrcode2.png]
[7nsts.w3cschool.cn/images/w3c/w3cschool.png]
[7n.w3cschool.cn/attachments/avatar2/avatar_14.jpg]
[7n.w3cschool.cn/attachments/cover/cover_echarts_tutorialeb72.jpg]
[www.w3cschool.cn/echarts_tutorial/echarts_tutorial-hz6b28xb.html]
[www.w3cschool.cn/echarts_tutorial/echarts_tutorial-nw9328xh.html]
[www.w3cschool.cn/echarts_tutorial/echarts_tutorial-m16h28xk.html]
[www.w3cschool.cn/echarts_tutorial/echarts_tutorial-czes28xl.html]
[www.w3cschool.cn/echarts_tutorial/echarts_tutorial-4db128yc.html]
[www.w3cschool.cn/echarts_tutorial/echarts_tutorial-2jou28yf.html]
[www.w3cschool.cn/echarts_tutorial/echarts_tutorial-7o3u28yh.html]
[www.w3cschool.cn/echarts_tutorial/echarts_tutorial-chxg2c5p.html]
[www.w3cschool.cn/echarts_tutorial/echarts_tutorial-f3822c5x.html]
[www.w3cschool.cn/echarts_tutorial/echarts_tutorial-d5b128yu.html]
[www.w3cschool.cn/echarts_tutorial/echarts_tutorial-2hgc28yv.html]
[www.w3cschool.cn/echarts_tutorial/echarts_tutorial-id7w2c65.html]
[www.w3cschool.cn/echarts_tutorial/echarts_tutorial-fvy72c64.html]
[www.w3cschool.cn/echarts_tutorial/echarts_tutorial-9m4j2c67.html]
[www.w3cschool.cn/echarts_tutorial/echarts_tutorial-3quc2c92.html]
[www.w3cschool.cn/echarts_tutorial/echarts_tutorial-7g8x2c93.html]
[www.w3cschool.cn/echarts_tutorial/echarts_tutorial-tm2q2c94.html]
[www.w3cschool.cn/echarts_tutorial/echarts_tutorial-85wj2c95.html]
[www.w3cschool.cn/echarts_tutorial/echarts_tutorial-eam72c97.html]
[www.w3cschool.cn/echarts_tutorial/echarts_tutorial-2s672c98.html]
[www.w3cschool.cn/echarts_tutorial/echarts_tutorial-8bt32c99.html]
[www.w3cschool.cn/echarts_tutorial/echarts_tutorial-137p2c9c.html]
[www.w3cschool.cn/echarts_tutorial/echarts_tutorial-21jw2c9d.html]
[www.w3cschool.cn/echarts_tutorial/echarts_tutorial-qzti2c9e.html]
[www.w3cschool.cn/echarts_tutorial/echarts_tutorial-62g52c9f.html]
[www.w3cschool.cn/echarts_tutorial/echarts_tutorial-r9ia2c9g.html]
[www.w3cschool.cn/echarts_tutorial/echarts_tutorial-zwum2c9u.html]
[www.w3cschool.cn/echarts_tutorial/list/index.html]
[www.w3cschool.cn/echarts_tutorial/echarts_tutorial-dirl2c9v.html]
[www.w3cschool.cn/echarts_tutorial/echarts_tutorial-gy152c9w.html]
[www.w3cschool.cn/echarts_tutorial/echarts_tutorial-pr4a2c9x.html]
[www.w3cschool.cn/echarts_tutorial/echarts_tutorial-gts52ca1.html]
[www.w3cschool.cn/echarts_tutorial/echarts_tutorial-lcqa2ca6.html]
[www.w3cschool.cn/echarts_tutorial/echarts_tutorial-r9622ca7.html]
[www.w3cschool.cn/echarts_tutorial/echarts_tutorial-svx62ca8.html]
[www.w3cschool.cn/echarts_tutorial/echarts_tutorial-dq3h2cab.html]
[www.w3cschool.cn/echarts_tutorial/echarts_tutorial-rsk12caf.html]
[www.w3cschool.cn/echarts_tutorial/echarts_tutorial-j4k32cai.html]
[www.w3cschool.cn/echarts_tutorial/echarts_tutorial-h6qo2cal.html]
[www.w3cschool.cn/echarts_tutorial/echarts_tutorial-grna2cam.html]
[www.w3cschool.cn/echarts_tutorial/echarts_tutorial-ey1g28xg.html]
[www.w3cschool.cn/echarts_tutorial/echarts_tutorial-7heq2cdf.html]
[www.w3cschool.cn/echarts_tutorial/echarts_tutorial-xytp2cdh.html]
[www.w3cschool.cn/echarts_tutorial/echarts_tutorial-w9q12cdk.html]
[www.w3cschool.cn/echarts_tutorial/echarts_tutorial-vg7q2cdm.html]
[www.w3cschool.cn/echarts_tutorial/echarts_tutorial-3nwi2cdn.html]
[www.w3cschool.cn/echarts_tutorial/echarts_tutorial-yvib2cf9.html]
[www.w3cschool.cn/echarts_tutorial/echarts_tutorial-sobz2cfc.html]
[www.w3cschool.cn/echarts_tutorial/echarts_tutorial-j5fc2cfe.html]
[www.w3cschool.cn/echarts_tutorial/echarts_tutorial-eav62cfj.html]
[www.w3cschool.cn/echarts_tutorial/echarts_tutorial-3a2t2cfk.html]
[www.w3cschool.cn/echarts_tutorial/echarts_tutorial-nfmu2cfn.html]
[www.w3cschool.cn/echarts_tutorial/echarts_tutorial-ft5b2cgq.html]
[www.w3cschool.cn/echarts_tutorial/echarts_tutorial-n5i72cgs.html]
[www.w3cschool.cn/echarts_tutorial/echarts_tutorial-kzxo2cgv.html]
[www.w3cschool.cn/echarts_tutorial/echarts_tutorial-2dbe2cgw.html]
[www.w3cschool.cn/echarts_tutorial/echarts_tutorial-vnga2cgx.html]
[www.w3cschool.cn/echarts_tutorial/echarts_tutorial-q2bj2cgy.html]
[www.w3cschool.cn/echarts_tutorial/echarts_tutorial-gc232ch1.html]
[www.w3cschool.cn/echarts_tutorial/echarts_tutorial-uyx32ch2.html]
[www.w3cschool.cn/echarts_tutorial/echarts_tutorial-fehd2ch3.html]
[www.w3cschool.cn/echarts_tutorial/echarts_tutorial-vidn2ch4.html]
[www.w3cschool.cn/echarts_tutorial/echarts_tutorial-52dk2ch9.html]
[www.w3cschool.cn/echarts_tutorial/echarts_tutorial-jgsx2cj1.html]
[www.w3cschool.cn/echarts_tutorial/echarts_tutorial-w5vi2cj4.html]
[www.w3cschool.cn/echarts_tutorial/echarts_tutorial-e3wn2cj6.html]
[www.w3cschool.cn/echarts_tutorial/echarts_tutorial-5c3q2cj7.html]
[www.w3cschool.cn/echarts_tutorial/echarts_tutorial-hwyg2cj9.html]
[www.w3cschool.cn/echarts_tutorial/echarts_tutorial-d4py2cja.html]
[www.w3cschool.cn/echarts_tutorial/echarts_tutorial-3a272cjc.html]
[www.w3cschool.cn/echarts_tutorial/echarts_tutorial-bfhq2cjg.html]
[www.w3cschool.cn/echarts_tutorial/echarts_tutorial-tfr92cjh.html]
[www.w3cschool.cn/echarts_tutorial/echarts_tutorial-dake2cji.html]
[www.w3cschool.cn/echarts_tutorial/echarts_tutorial-gjt72cjl.html]
[www.w3cschool.cn/echarts_tutorial/echarts_tutorial-k5ba2cjm.html]
[www.w3cschool.cn/echarts_tutorial/echarts_tutorial-pcvy2cjn.html]
[www.w3cschool.cn/echarts_tutorial/echarts_tutorial-irm32cjp.html]
[www.w3cschool.cn/echarts_tutorial/echarts_tutorial-9bg62cjq.html]
[www.w3cschool.cn/echarts_tutorial/echarts_tutorial-l9472cjs.html]
[www.w3cschool.cn/echarts_tutorial/echarts_tutorial-wci62cjt.html]
[www.w3cschool.cn/echarts_tutorial/echarts_tutorial-2w9c2cjv.html]
[www.w3cschool.cn/echarts_tutorial/echarts_tutorial-hi7q2cjw.html]
[www.w3cschool.cn/echarts_tutorial/echarts_tutorial-djc42ck1.html]
[www.w3cschool.cn/echarts_tutorial/echarts_tutorial-1ho52ck2.html]
[www.w3cschool.cn/echarts_tutorial/echarts_tutorial-am732ck6.html]
[www.w3cschool.cn/echarts_tutorial/echarts_tutorial-scma2ck7.html]
[www.w3cschool.cn/echarts_tutorial/echarts_tutorial-7uhy2cl0.html]
[www.w3cschool.cn/echarts_tutorial/echarts_tutorial-6wps2cl6.html]
[www.w3cschool.cn/echarts_tutorial/echarts_tutorial-621l2clb.html]
[www.w3cschool.cn/echarts_tutorial/echarts_tutorial-x1qt2cli.html]
[www.w3cschool.cn/echarts_tutorial/echarts_tutorial-im9x2clj.html]
[www.w3cschool.cn/echarts_tutorial/echarts_tutorial-8njm2cln.html]
[www.w3cschool.cn/echarts_tutorial/echarts_tutorial-9f1d2cls.html]
[www.w3cschool.cn/echarts_tutorial/echarts_tutorial-mwod2clt.html]
[www.w3cschool.cn/echarts_tutorial/echarts_tutorial-udow2clu.html]
[www.w3cschool.cn/echarts_tutorial/echarts_tutorial-j6id2clv.html]
[www.w3cschool.cn/echarts_tutorial/echarts_tutorial-kuxm2clw.html]
[www.w3cschool.cn/echarts_tutorial/echarts_tutorial-7dfi2clx.html]
[www.w3cschool.cn/echarts_tutorial/echarts_tutorial-k7c12cly.html]
[www.w3cschool.cn/echarts_tutorial/echarts_tutorial-jgth2cm0.html]
[www.w3cschool.cn/echarts_tutorial/echarts_tutorial-9jol2cm1.html]
[www.w3cschool.cn/echarts_tutorial/echarts_tutorial-zp1r2cm2.html]
[www.w3cschool.cn/echarts_tutorial/echarts_tutorial-4rvn2cm4.html]
[www.w3cschool.cn/echarts_tutorial/echarts_tutorial-razt2cm5.html]
[www.w3cschool.cn/echarts_tutorial/echarts_tutorial-xn9c2cm9.html]
[www.w3cschool.cn/echarts_tutorial/echarts_tutorial-6q4o2cmb.html]
[www.w3cschool.cn/echarts_tutorial/echarts_tutorial-ycpf2cmc.html]
[www.w3cschool.cn/echarts_tutorial/echarts_tutorial-83o62cpj.html]
[www.w3cschool.cn/echarts_tutorial/echarts_tutorial-a7vq2cpl.html]
[www.w3cschool.cn/echarts_tutorial/echarts_tutorial-pld72cpp.html]
[www.w3cschool.cn/echarts_tutorial/echarts_tutorial-j1b72cpv.html]
[www.w3cschool.cn/echarts_tutorial/echarts_tutorial-3imb2cpz.html]
[www.w3cschool.cn/echarts_tutorial/echarts_tutorial-gr652cq0.html]
[www.w3cschool.cn/echarts_tutorial/echarts_tutorial-ozrt2cq1.html]
[www.w3cschool.cn/echarts_tutorial/echarts_tutorial-92et2cq2.html]
[www.w3cschool.cn/echarts_tutorial/echarts_tutorial-blqe2cq4.html]
[www.w3cschool.cn/echarts_tutorial/echarts_tutorial-zx4o2cq5.html]
[www.w3cschool.cn/echarts_tutorial/echarts_tutorial-gr6f2cq7.html]
[www.w3cschool.cn/echarts_tutorial/echarts_tutorial-2lrq2cq9.html]
[www.w3cschool.cn/echarts_tutorial/echarts_tutorial-36bz2cqb.html]
[www.w3cschool.cn/echarts_tutorial/echarts_tutorial-fds52cse.html]
[www.w3cschool.cn/echarts_tutorial/echarts_tutorial-7wgr2ct9.html]
[www.w3cschool.cn/echarts_tutorial/echarts_tutorial-o9tj2csz.html]
[www.w3cschool.cn/echarts_tutorial/echarts_tutorial-nls52ct1.html]
[www.w3cschool.cn/echarts_tutorial/echarts_tutorial-18xc2ct3.html]
[www.w3cschool.cn/echarts_tutorial/echarts_tutorial-mskl2ct8.html]
[www.w3cschool.cn/echarts_tutorial/echarts_tutorial-ij7d2cte.html]
[www.w3cschool.cn/echarts_tutorial/echarts_tutorial-lzr52ctg.html]
[www.w3cschool.cn/echarts_tutorial/echarts_tutorial-vg9t2cth.html]
[www.w3cschool.cn/echarts_tutorial/echarts_tutorial-k7ge2cti.html]
[www.w3cschool.cn/echarts_tutorial/echarts_tutorial-o2ak2ctl.html]
[www.w3cschool.cn/echarts_tutorial/echarts_tutorial-2fbv2cu5.html]
[www.w3cschool.cn/echarts_tutorial/echarts_tutorial-p19i2cua.html]
[www.w3cschool.cn/echarts_tutorial/echarts_tutorial-sb7t2cug.html]
[www.w3cschool.cn/echarts_tutorial/echarts_tutorial-fw212cuj.html]
[www.w3cschool.cn/echarts_tutorial/echarts_tutorial-no3h2cul.html]
[www.w3cschool.cn/echarts_tutorial/echarts_tutorial-is5o2cum.html]
[www.w3cschool.cn/echarts_tutorial/echarts_tutorial-pj1y2cuo.html]
[www.w3cschool.cn/echarts_tutorial/echarts_tutorial-ke1q2cup.html]
[www.w3cschool.cn/echarts_tutorial/echarts_tutorial-58jn2cw2.html]
[www.w3cschool.cn/echarts_tutorial/echarts_tutorial-nybr2cw6.html]
[www.w3cschool.cn/echarts_tutorial/echarts_tutorial-pnzg2cw7.html]
[www.w3cschool.cn/echarts_tutorial/echarts_tutorial-wgsh2cw9.html]
[www.w3cschool.cn/echarts_tutorial/echarts_tutorial-zq6h2cwd.html]
[www.w3cschool.cn/echarts_tutorial/echarts_tutorial-d6q92cwh.html]
[www.w3cschool.cn/echarts_tutorial/echarts_tutorial-657j2cwr.html]
[www.w3cschool.cn/echarts_tutorial/echarts_tutorial-km272cwt.html]
[www.w3cschool.cn/echarts_tutorial/echarts_tutorial-p1r72cwv.html]
[www.w3cschool.cn/echarts_tutorial/echarts_tutorial-ven92cwx.html]
[www.w3cschool.cn/echarts_tutorial/echarts_tutorial-5tre2cwy.html]
[www.w3cschool.cn/echarts_tutorial/echarts_tutorial-5vnb2cx1.html]
[www.w3cschool.cn/echarts_tutorial/echarts_tutorial-uve52cx3.html]
[www.w3cschool.cn/echarts_tutorial/echarts_tutorial-h8g92cx6.html]
[www.w3cschool.cn/echarts_tutorial/echarts_tutorial-sxf12cxv.html]
[www.w3cschool.cn/echarts_tutorial/echarts_tutorial-ub762cxx.html]
[www.w3cschool.cn/echarts_tutorial/echarts_tutorial-ngiy2cxy.html]
[www.w3cschool.cn/echarts_tutorial/echarts_tutorial-hog62cy2.html]
[www.w3cschool.cn/echarts_tutorial/echarts_tutorial-wkdc2cy5.html]
[www.w3cschool.cn/echarts_tutorial/echarts_tutorial-f7j82cy6.html]
[www.w3cschool.cn/echarts_tutorial/echarts_tutorial-t26r2cya.html]
[www.w3cschool.cn/echarts_tutorial/echarts_tutorial-dvoi2cyf.html]
[www.w3cschool.cn/echarts_tutorial/echarts_tutorial-nr6b2cyi.html]
[www.w3cschool.cn/echarts_tutorial/echarts_tutorial-ewv22cyu.html]
[www.w3cschool.cn/echarts_tutorial/echarts_tutorial-th3e2cyx.html]
[www.w3cschool.cn/echarts_tutorial/echarts_tutorial-7spz2cyy.html]
[www.w3cschool.cn/echarts_tutorial/echarts_tutorial-lc612cyz.html]
[www.w3cschool.cn/echarts_tutorial/echarts_tutorial-qawj2d0b.html]
[www.w3cschool.cn/echarts_tutorial/echarts_tutorial-lmgn2d0c.html]
[www.w3cschool.cn/echarts_tutorial/echarts_tutorial-qexy2d0d.html]
[www.w3cschool.cn/echarts_tutorial/echarts_tutorial-qmns2d0g.html]
[www.w3cschool.cn/echarts_tutorial/echarts_tutorial-8ysc2d0h.html]
[www.w3cschool.cn/echarts_tutorial/echarts_tutorial-6wnj2d0j.html]
[www.w3cschool.cn/echarts_tutorial/echarts_tutorial-nzjr2d0l.html]
[www.w3cschool.cn/echarts_tutorial/echarts_tutorial-qmn62d0m.html]
[www.w3cschool.cn/echarts_tutorial/echarts_tutorial-yua92d0v.html]
[www.w3cschool.cn/echarts_tutorial/echarts_tutorial-1g5c2d0w.html]
[www.w3cschool.cn/echarts_tutorial/echarts_tutorial-r2cv2d0y.html]
[www.w3cschool.cn/echarts_tutorial/echarts_tutorial-wsdi2d11.html]
[www.w3cschool.cn/echarts_tutorial/echarts_tutorial-e8ru2d12.html]
[www.w3cschool.cn/echarts_tutorial/echarts_tutorial-wyx82d20.html]
[www.w3cschool.cn/echarts_tutorial/echarts_tutorial-uhmx2d21.html]
[www.w3cschool.cn/echarts_tutorial/echarts_tutorial-abo12d22.html]
[www.w3cschool.cn/echarts_tutorial/echarts_tutorial-1xb32d23.html]
[www.w3cschool.cn/echarts_tutorial/echarts_tutorial-q38v2d26.html]
[www.w3cschool.cn/echarts_tutorial/echarts_tutorial-lnx22d2s.html]
[www.w3cschool.cn/echarts_tutorial/echarts_tutorial-4u1p2d29.html]
[www.w3cschool.cn/echarts_tutorial/echarts_tutorial-jqix2d2d.html]
[www.w3cschool.cn/echarts_tutorial/echarts_tutorial-92pt2d2f.html]
[www.w3cschool.cn/echarts_tutorial/echarts_tutorial-upng2d2h.html]
[www.w3cschool.cn/echarts_tutorial/echarts_tutorial-w7412d2i.html]
[www.w3cschool.cn/echarts_tutorial/echarts_tutorial-6aqr2d2k.html]
[www.w3cschool.cn/echarts_tutorial/echarts_tutorial-th972d2m.html]
[www.w3cschool.cn/echarts_tutorial/echarts_tutorial-igzc2d2n.html]
[www.w3cschool.cn/echarts_tutorial/echarts_tutorial-vtgo2d2o.html]
[www.w3cschool.cn/echarts_tutorial/echarts_tutorial-ze972d2p.html]
[www.w3cschool.cn/echarts_tutorial/echarts_tutorial-8cfe2d3u.html]
[www.w3cschool.cn/echarts_tutorial/echarts_tutorial-ql432d3v.html]
[www.w3cschool.cn/echarts_tutorial/echarts_tutorial-5l6t2d3x.html]
[www.w3cschool.cn/echarts_tutorial/echarts_tutorial-zhml2d40.html]
[www.w3cschool.cn/echarts_tutorial/echarts_tutorial-h81j2d44.html]
[www.w3cschool.cn/echarts_tutorial/echarts_tutorial-mag42d46.html]
[www.w3cschool.cn/echarts_tutorial/echarts_tutorial-cvbq2d4a.html]
[www.w3cschool.cn/echarts_tutorial/echarts_tutorial-kod62d4h.html]
[www.w3cschool.cn/echarts_tutorial/echarts_tutorial-ba7t2d4j.html]
[www.w3cschool.cn/echarts_tutorial/echarts_tutorial-16sw2d4k.html]
[www.w3cschool.cn/echarts_tutorial/echarts_tutorial-ep9f2d4l.html]
[www.w3cschool.cn/echarts_tutorial/echarts_tutorial-h8wj2d4m.html]
[www.w3cschool.cn/echarts_tutorial/echarts_tutorial-elsx2d4o.html]
[www.w3cschool.cn/echarts_tutorial/echarts_tutorial-ri2d2d4q.html]
[www.w3cschool.cn/echarts_tutorial/echarts_tutorial-vb822d6e.html]
[www.w3cschool.cn/echarts_tutorial/echarts_tutorial-chjg2d6g.html]
[www.w3cschool.cn/echarts_tutorial/echarts_tutorial-46du2d6j.html]
[www.w3cschool.cn/echarts_tutorial/echarts_tutorial-qk5b2d6l.html]
[www.w3cschool.cn/echarts_tutorial/echarts_tutorial-d1r92d6m.html]
[www.w3cschool.cn/echarts_tutorial/echarts_tutorial-2bu52d6o.html]
[www.w3cschool.cn/echarts_tutorial/echarts_tutorial-xn5e2d6q.html]
[www.w3cschool.cn/echarts_tutorial/echarts_tutorial-17ui2d6r.html]
[www.w3cschool.cn/echarts_tutorial/echarts_tutorial-vuco2d6v.html]
[www.w3cschool.cn/echarts_tutorial/echarts_tutorial-cmbf2d6w.html]
[www.w3cschool.cn/echarts_tutorial/echarts_tutorial-qxhb2d6y.html]
[www.w3cschool.cn/echarts_tutorial/echarts_tutorial-cf182d70.html]
[www.w3cschool.cn/echarts_tutorial/echarts_tutorial-1eqk2d72.html]
[www.w3cschool.cn/echarts_tutorial/echarts_tutorial-kqz12d81.html]
[www.w3cschool.cn/echarts_tutorial/echarts_tutorial-mtjl2d83.html]
[www.w3cschool.cn/echarts_tutorial/echarts_tutorial-w4jq2d89.html]
[www.w3cschool.cn/echarts_tutorial/echarts_tutorial-9x3p2d8b.html]
[www.w3cschool.cn/echarts_tutorial/echarts_tutorial-u6ci2d8f.html]
[www.w3cschool.cn/echarts_tutorial/echarts_tutorial-3io42d8g.html]
[www.w3cschool.cn/echarts_tutorial/echarts_tutorial-q7rk2d8h.html]
[www.w3cschool.cn/echarts_tutorial/echarts_tutorial-v1262d8i.html]
[www.w3cschool.cn/echarts_tutorial/echarts_tutorial-ex2y2d8j.html]
[www.w3cschool.cn/echarts_tutorial/echarts_tutorial-6uhc2d8l.html]
[www.w3cschool.cn/echarts_tutorial/echarts_tutorial-xyf42d8m.html]
[www.w3cschool.cn/echarts_tutorial/echarts_tutorial-4kf72d9i.html]
[www.w3cschool.cn/echarts_tutorial/echarts_tutorial-4hnc2d9j.html]
[www.w3cschool.cn/echarts_tutorial/echarts_tutorial-4nlz2d9r.html]
[www.w3cschool.cn/echarts_tutorial/echarts_tutorial-lz282d9t.html]
[www.w3cschool.cn/echarts_tutorial/echarts_tutorial-6sro2d9u.html]
[www.w3cschool.cn/echarts_tutorial/echarts_tutorial-4bpn2d9x.html]
[www.w3cschool.cn/echarts_tutorial/echarts_tutorial-cd232da0.html]
[www.w3cschool.cn/echarts_tutorial/echarts_tutorial-iapr2da1.html]
[www.w3cschool.cn/echarts_tutorial/echarts_tutorial-g1im2da6.html]
[www.w3cschool.cn/echarts_tutorial/echarts_tutorial-azwe2das.html]
[www.w3cschool.cn/echarts_tutorial/echarts_tutorial-vz7f2dat.html]
[www.w3cschool.cn/echarts_tutorial/echarts_tutorial-myw22daw.html]
[www.w3cschool.cn/echarts_tutorial/echarts_tutorial-3h1c2dax.html]
[www.w3cschool.cn/echarts_tutorial/echarts_tutorial-9c2h2day.html]
[www.w3cschool.cn/echarts_tutorial/echarts_tutorial-wnjk2db4.html]
[www.w3cschool.cn/echarts_tutorial/echarts_tutorial-u8l42dbb.html]
[www.w3cschool.cn/echarts_tutorial/echarts_tutorial-7dug2dbd.html]
[www.w3cschool.cn/echarts_tutorial/echarts_tutorial-jubz2dbi.html]
[www.w3cschool.cn/echarts_tutorial/echarts_tutorial-mik92dbk.html]
[www.w3cschool.cn/echarts_tutorial/echarts_tutorial-5yht2dbn.html]
[www.w3cschool.cn/echarts_tutorial/echarts_tutorial-1p5c2dbo.html]
[www.w3cschool.cn/echarts_tutorial/echarts_tutorial-sm5l2dco.html]
[www.w3cschool.cn/echarts_tutorial/echarts_tutorial-tio32dct.html]
[www.w3cschool.cn/echarts_tutorial/echarts_tutorial-uf972dcu.html]
[www.w3cschool.cn/echarts_tutorial/echarts_tutorial-24vl2dcv.html]
[www.w3cschool.cn/echarts_tutorial/echarts_tutorial-29rg2dcw.html]
[www.w3cschool.cn/echarts_tutorial/echarts_tutorial-2jq72dd0.html]
[www.w3cschool.cn/echarts_tutorial/echarts_tutorial-cbva2dd1.html]
[www.w3cschool.cn/echarts_tutorial/echarts_tutorial-lcxv2dd3.html]
[www.w3cschool.cn/echarts_tutorial/echarts_tutorial-hdk52dd9.html]
[www.w3cschool.cn/echarts_tutorial/echarts_tutorial-fbnx2dda.html]
[www.w3cschool.cn/echarts_tutorial/echarts_tutorial-572j2dd4.html]
[www.w3cschool.cn/echarts_tutorial/echarts_tutorial-per12dd5.html]
[www.w3cschool.cn/echarts_tutorial/echarts_tutorial-a7ky2dd7.html]
[www.w3cschool.cn/echarts_tutorial/echarts_tutorial-7s8t2dd8.html]
[www.w3cschool.cn/echarts_tutorial/echarts_tutorial-si2c2de3.html]
[www.w3cschool.cn/echarts_tutorial/echarts_tutorial-dcm42de4.html]
[www.w3cschool.cn/echarts_tutorial/echarts_tutorial-f9672dh8.html]
[www.w3cschool.cn/echarts_tutorial/echarts_tutorial-f2612dhb.html]
[www.w3cschool.cn/echarts_tutorial/echarts_tutorial-famc2dhd.html]
[www.w3cschool.cn/echarts_tutorial/echarts_tutorial-df2m2dhf.html]
[www.w3cschool.cn/echarts_tutorial/echarts_tutorial-jb7i2dip.html]
[www.w3cschool.cn/echarts_tutorial/echarts_tutorial-6gv82diu.html]
[www.w3cschool.cn/echarts_tutorial/echarts_tutorial-lj972diw.html]
[www.w3cschool.cn/echarts_tutorial/echarts_tutorial-sfjy2djz.html]
[www.w3cschool.cn/echarts_tutorial/echarts_tutorial-1f2q2dkd.html]
[www.w3cschool.cn/echarts_tutorial/echarts_tutorial-3bjn2dke.html]
[www.w3cschool.cn/echarts_tutorial/echarts_tutorial-7csr2dnh.html]
[www.w3cschool.cn/echarts_tutorial/echarts_tutorial-e4692dnm.html]
[www.w3cschool.cn/echarts_tutorial/echarts_tutorial-x59p2dno.html]
[www.w3cschool.cn/echarts_tutorial/echarts_tutorial-9sxo2dny.html]
[www.w3cschool.cn/echarts_tutorial/echarts_tutorial-s8pb2do8.html]
[www.w3cschool.cn/echarts_tutorial/echarts_tutorial-t5ko2doa.html]
[www.w3cschool.cn/echarts_tutorial/echarts_tutorial-upv12dmo.html]
[www.w3cschool.cn/echarts_tutorial/echarts_tutorial-x3lj2doe.html]
[www.w3cschool.cn/echarts_tutorial/echarts_tutorial-cu3j2dql.html]
[www.w3cschool.cn/echarts_tutorial/echarts_tutorial-vodm2dqm.html]
[www.w3cschool.cn/echarts_tutorial/echarts_tutorial-3wap2dog.html]
[www.w3cschool.cn/echarts_tutorial/echarts_tutorial-nauy2dqy.html]
[www.w3cschool.cn/echarts_tutorial/echarts_tutorial-vdqn2dr0.html]
[www.w3cschool.cn/echarts_tutorial/echarts_tutorial-leo22dr4.html]
[www.w3cschool.cn/echarts_tutorial/echarts_tutorial-27xv2dr8.html]
[www.w3cschool.cn/echarts_tutorial/echarts_tutorial-j7wf2dra.html]
[www.w3cschool.cn/echarts_tutorial/echarts_tutorial-gmuk2drc.html]
[www.w3cschool.cn/echarts_tutorial/echarts_tutorial-wict2dre.html]
[www.w3cschool.cn/echarts_tutorial/echarts_tutorial-ijun2drf.html]
[www.w3cschool.cn/echarts_tutorial/echarts_tutorial-b4we2drg.html]
[www.w3cschool.cn/echarts_tutorial/echarts_tutorial-52cy2dtb.html]
[www.w3cschool.cn/echarts_tutorial/echarts_tutorial-2efs2dte.html]
[www.w3cschool.cn/echarts_tutorial/echarts_tutorial-u6ib2dtg.html]
[www.w3cschool.cn/echarts_tutorial/echarts_tutorial-6wbd2dth.html]
[www.w3cschool.cn/echarts_tutorial/echarts_tutorial-mkie2dw0.html]
[www.w3cschool.cn/echarts_tutorial/echarts_tutorial-ueni2dw1.html]
[www.w3cschool.cn/echarts_tutorial/echarts_tutorial-6m122dw2.html]
[www.w3cschool.cn/echarts_tutorial/echarts_tutorial-9w1h2dw3.html]
[www.w3cschool.cn/echarts_tutorial/echarts_tutorial-hgew2dw4.html]
[www.w3cschool.cn/echarts_tutorial/echarts_tutorial-27wx2dxy.html]
[www.w3cschool.cn/echarts_tutorial/echarts_tutorial-v42r2dy2.html]
[www.w3cschool.cn/echarts_tutorial/echarts_tutorial-4ibf2dya.html]
[www.w3cschool.cn/echarts_tutorial/echarts_tutorial-nv1y2dyh.html]
[www.w3cschool.cn/echarts_tutorial/echarts_tutorial-q7b22dyl.html]
[www.w3cschool.cn/echarts_tutorial/echarts_tutorial-3u872dym.html]
[www.w3cschool.cn/echarts_tutorial/echarts_tutorial-tnh12dyy.html]
[www.w3cschool.cn/echarts_tutorial/echarts_tutorial-v8gi2e25.html]
[www.w3cschool.cn/echarts_tutorial/echarts_tutorial-o6hr2e2a.html]
[www.w3cschool.cn/echarts_tutorial/echarts_tutorial-5n8d2e4m.html]
[www.w3cschool.cn/echarts_tutorial/echarts_tutorial-sgb52e4u.html]
[www.w3cschool.cn/echarts_tutorial/echarts_tutorial-jxnz2e95.html]
[www.w3cschool.cn/echarts_tutorial/echarts_tutorial-2ads2e99.html]
[www.w3cschool.cn/echarts_tutorial/echarts_tutorial-5i6w2ebt.html]
[www.w3cschool.cn/echarts_tutorial/echarts_tutorial-haq12ehk.html]
[www.w3cschool.cn/echarts_tutorial/echarts_tutorial-op3a2ehv.html]
[www.w3cschool.cn/echarts_tutorial/echarts_tutorial-5y7f2ehx.html]
[www.w3cschool.cn/echarts_tutorial/echarts_tutorial-imu62e2g.html]
[www.w3cschool.cn/echarts_tutorial/echarts_tutorial-hjl82e2i.html]
[www.w3cschool.cn/echarts_tutorial/echarts_tutorial-w7o42e4y.html]
[www.w3cschool.cn/echarts_tutorial/echarts_tutorial-v59r2e51.html]
[www.w3cschool.cn/echarts_tutorial/echarts_tutorial-site2e9e.html]
[www.w3cschool.cn/echarts_tutorial/echarts_tutorial-rejt2ek3.html]
[www.w3cschool.cn/echarts_tutorial/echarts_tutorial-rnlq2ek4.html]
[www.w3cschool.cn/echarts_tutorial/echarts_tutorial-ykdr2eka.html]
[www.w3cschool.cn/echarts_tutorial/echarts_tutorial-rgnu2ekh.html]
[www.w3cschool.cn/echarts_tutorial/echarts_tutorial-4s9z2el9.html]
[www.w3cschool.cn/echarts_tutorial/echarts_tutorial-94ln2ela.html]
[www.w3cschool.cn/echarts_tutorial/echarts_tutorial-jqyw2elc.html]
[www.w3cschool.cn/echarts_tutorial/echarts_tutorial-6vfb2eo3.html]
[www.w3cschool.cn/echarts_tutorial/echarts_tutorial-bvho2eom.html]
[www.w3cschool.cn/echarts_tutorial/echarts_tutorial-qvf92eop.html]
[www.w3cschool.cn/echarts_tutorial/echarts_tutorial-pokb2eqb.html]
[www.w3cschool.cn/echarts_tutorial/echarts_tutorial-9rcs2eqe.html]
[www.w3cschool.cn/echarts_tutorial/echarts_tutorial-taks2eqh.html]
[www.w3cschool.cn/echarts_tutorial/echarts_tutorial-6gdt2eu1.html]
[www.w3cschool.cn/echarts_tutorial/echarts_tutorial-peyc2evt.html]
[www.w3cschool.cn/echarts_tutorial/echarts_tutorial-iosx2ezt.html]
[www.w3cschool.cn/echarts_tutorial/echarts_tutorial-hybj2f2r.html]
[www.w3cschool.cn/echarts_tutorial/echarts_tutorial-865z2f6a.html]
[www.w3cschool.cn/echarts_tutorial/echarts_tutorial-avhc2f6d.html]
[www.w3cschool.cn/echarts_tutorial/echarts_tutorial-iu652fcc.html]
[www.w3cschool.cn/echarts_tutorial/echarts_tutorial-zq2j2ff2.html]
[www.w3cschool.cn/echarts_tutorial/echarts_tutorial-smak2fhn.html]
[www.w3cschool.cn/echarts_tutorial/echarts_tutorial-98nx2fjb.html]
[www.w3cschool.cn/echarts_tutorial/echarts_tutorial-envj2fl0.html]
[www.w3cschool.cn/echarts_tutorial/echarts_tutorial-adpe2foq.html]
[www.w3cschool.cn/echarts_tutorial/echarts_tutorial-l2o72fqr.html]
[7n.w3cschool.cn/attachments/image/20170824/1503547431811633.png]
[www.w3cschool.cn/attachments/image/20190115/1547553980272487.png]
[7nsts.w3cschool.cn/images/w3c/w3cschool.jpg]
[echarts.baidu.com/dist/echarts.min.js]
[echarts.baidu.com/dist/echarts.js]
[www.w3cschool.cn/plugins/ueditor/third-party/SyntaxHighlighter/shCore.min.js]
[www.w3cschool.cn/statics/js/commonfooter.js]
[www.w3cschool.cn/statics/js/project.view.js]
[www.w3cschool.cn/statics/core/ajaxdo.core.js]
[www.w3cschool.cn/statics/js/paypraise.js]
[www.w3cschool.cn/echarts_tutorial/echarts_tutorial-mec528xa.html]
[www.w3cschool.cn/statics/plugins/font-awesome/css/font-awesome.min.css]
[7nsts.w3cschool.cn/images/w3c/icon-n.png]
[www.w3cschool.cn/plugins/baidushare/js/share6e53.js]
[7nsts.w3cschool.cn/images/w3c/icon-h.gif]
[7n.w3cschool.cn/statics/images/w3c/double11-tag.png]
[7nsts.w3cschool.cn/images/w3c/vip-sicon0.png]
[7nsts.w3cschool.cn/images/w3c/vip-sicon1.png]
[7nsts.w3cschool.cn/images/w3c/vip-sicon2.png]
[7nsts.w3cschool.cn/yimages/icon-angle-down1.png]
[7nsts.w3cschool.cn/images/w3c/header-app1b99.png]
[7nsts.w3cschool.cn/yimages/icons.png]
[7nsts.w3cschool.cn/yimages/icon-home1.png]
[7nsts.w3cschool.cn/yimages/icon-cog1.png]
[7nsts.w3cschool.cn/yimages/icon-key1.png]
[7nsts.w3cschool.cn/yimages/icon-note1dde8.png]
[7nsts.w3cschool.cn/yimages/icon-user1.png]
[7nsts.w3cschool.cn/yimages/icon-home2.png]
[7nsts.w3cschool.cn/yimages/icon-cog2.png]
[7nsts.w3cschool.cn/yimages/icon-key2.png]
[7nsts.w3cschool.cn/yimages/icon-note2dde8.png]
[7nsts.w3cschool.cn/yimages/icon-user2.png]
[7nsts.w3cschool.cn/images/w3c/notice-icon.png]
[7nsts.w3cschool.cn/yimages/share-more.png]
[7nsts.w3cschool.cn/images/w3c/icon-home.png]
[7nsts.w3cschool.cn/yimages/pass.png]
[7nsts.w3cschool.cn/images/w3c/sns-sprite.png]
[7nsts.w3cschool.cn/images/w3c/success.png]
[7nsts.w3cschool.cn/images/w3c/error.png]
[7nsts.w3cschool.cn/images/w3c/content-group.png]
[7nsts.w3cschool.cn/yimages/question-icon.png]
[7nsts.w3cschool.cn/images/w3c/icon-article.png]
[7nsts.w3cschool.cn/images/w3c/close-btn.png]
[7nsts.w3cschool.cn/yimages/register_bg.png]
[7nsts.w3cschool.cn/yimages/vip_ico.png]
[7nsts.w3cschool.cn/yimages/qr-img.png]
[7nsts.w3cschool.cn/yimages/backgrounds.32.png]
[7nsts.w3cschool.cn/yimages/qqkf.jpg]
[7nsts.w3cschool.cn/yimages/qqkf_hv.jpg]
[7nsts.w3cschool.cn/yimages/jyfk.jpg]
[7nsts.w3cschool.cn/yimages/jyfk_hv.jpg]
[www.w3cschool.cn/statics/css/w3.css]
[www.w3cschool.cn/statics/yimages/tree1.gif]
[www.w3cschool.cn/statics/yimages/tree2.gif]
[www.w3cschool.cn/statics/yimages/tree2_view.gif]
[www.w3cschool.cn/statics/yimages/jia.png]
[www.w3cschool.cn/statics/yimages/jian.png]
[www.w3cschool.cn/statics/yimages/scroll.png]
[www.w3cschool.cn/statics/yimages/close.png]
[www.w3cschool.cn/statics/img/star-off.png]
[www.w3cschool.cn/statics/img/star-on.png]
[www.w3cschool.cn/statics/css/style-kn-project-view.css]
[www.w3cschool.cn/statics/css/style-theme.css]
[www.w3cschool.cn/statics/yimages/compatible_ie.gif]
[www.w3cschool.cn/statics/yimages/compatible_firefox.gif]
[www.w3cschool.cn/statics/yimages/compatible_chrome.gif]
[www.w3cschool.cn/statics/yimages/compatible_safari.gif]
[www.w3cschool.cn/statics/yimages/compatible_opera.gif]
[www.w3cschool.cn/statics/yimages/compatible_ie2020.gif]
[www.w3cschool.cn/statics/yimages/precompatible_ie5920.gif]
[www.w3cschool.cn/statics/yimages/compatible_firefox2020.gif]
[www.w3cschool.cn/statics/yimages/precompatible_firefox5920.gif]
[www.w3cschool.cn/statics/yimages/compatible_chrome2020.gif]
[www.w3cschool.cn/statics/yimages/precompatible_chrome5920.gif]
[www.w3cschool.cn/statics/yimages/compatible_safari2020.gif]
[www.w3cschool.cn/statics/yimages/precompatible_safari5920.gif]
[www.w3cschool.cn/statics/yimages/compatible_opera2020.gif]
[www.w3cschool.cn/statics/yimages/precompatible_opera5920.gif]
[www.w3cschool.cn/statics/css/project.css]
[www.w3cschool.cn/plugins/highlight/styles/default.css]
[7n.w3cschool.cn/attachments/avatar2/avatar_14.jpg]
[www.w3cschool.cn/attachments/cover/cover_echarts_tutorial.jpg]
[www.w3cschool.cn/attachments/image/20190124/1548321052648420.png]
[7n.w3cschool.cn/statics/images/w3c/w3cschool743e.png]
[7n.w3cschool.cn/statics/images/w3c/w3cschool743e.jpg]
[www.w3cschool.cn/echarts_tutorial/list/index.html]
[www.w3cschool.cn/echarts_tutorial/echarts_tutorial-hz6b28xb.html]
[7n.w3cschool.cn/attachments/image/20170824/1503555366413311.png]
[7n.w3cschool.cn/attachments/image/20170824/1503556099619630.png]
[7n.w3cschool.cn/attachments/image/20170824/1503556273613536.png]
[7n.w3cschool.cn/attachments/image/20170824/1503556704170905.png]
[7n.w3cschool.cn/attachments/image/20170824/1503557504196283.png]
[7n.w3cschool.cn/attachments/image/20170824/1503557703742862.png]
[7n.w3cschool.cn/attachments/image/20170824/1503558073866181.png]
[www.w3cschool.cn/echarts_tutorial/echarts_tutorial-nw9328xh.html]
[7n.w3cschool.cn/attachments/image/20170824/1503559421125926.png]
[7n.w3cschool.cn/attachments/image/20170824/1503559971707646.png]
[www.w3cschool.cn/echarts_tutorial/echarts_tutorial-m16h28xk.html]
[7n.w3cschool.cn/attachments/image/20170824/1503560963689694.png]
[7n.w3cschool.cn/attachments/image/20170824/1503561217242092.png]
[7n.w3cschool.cn/attachments/image/20170825/1503648497485057.png]
[7n.w3cschool.cn/attachments/image/20170824/1503561460158593.png]
[www.w3cschool.cn/echarts_tutorial/echarts_tutorial-czes28xl.html]
[7n.w3cschool.cn/attachments/image/20170825/1503642285368505.png]
[7n.w3cschool.cn/attachments/image/20170825/1503643531431050.png]
[www.w3cschool.cn/echarts_tutorial/echarts_tutorial-4db128yc.html]
[7n.w3cschool.cn/attachments/image/20170825/1503645183781838.png]
[7n.w3cschool.cn/attachments/image/20170825/1503645204460936.png]
[www.w3cschool.cn/echarts_tutorial/echarts_tutorial-2jou28yf.html]
[7n.w3cschool.cn/attachments/image/20170825/1503647181290513.png]
[www.w3cschool.cn/echarts_tutorial/echarts_tutorial-7o3u28yh.html]
[7n.w3cschool.cn/attachments/image/20170826/1503727651565150.png]
[www.w3cschool.cn/echarts_tutorial/echarts_tutorial-chxg2c5p.html]
[7n.w3cschool.cn/attachments/image/20170826/1503728954775977.png]
[7n.w3cschool.cn/attachments/image/20170826/1503729039639373.png]
[7n.w3cschool.cn/attachments/image/20170826/1503729084495825.png]
[7n.w3cschool.cn/attachments/image/20170826/1503729624754033.png]
[7n.w3cschool.cn/attachments/image/20170826/1503729771146775.png]
[7n.w3cschool.cn/attachments/image/20170826/1503729881985012.png]
[7n.w3cschool.cn/attachments/image/20170826/1503729996878436.png]
[7n.w3cschool.cn/attachments/image/20170826/1503730352502167.png]
[7n.w3cschool.cn/attachments/image/20170826/1503730490335798.png]
[www.w3cschool.cn/echarts_tutorial/echarts_tutorial-f3822c5x.html]
[7n.w3cschool.cn/attachments/image/20170826/1503713914910167.png]
[www.w3cschool.cn/echarts_tutorial/echarts_tutorial-d5b128yu.html]
[7n.w3cschool.cn/attachments/image/20170826/1503718804525879.png]
[7n.w3cschool.cn/attachments/image/20170826/1503719381369904.png]
[7n.w3cschool.cn/attachments/image/20170826/1503719442416604.png]
[7n.w3cschool.cn/attachments/image/20170826/1503719553850983.png]
[7n.w3cschool.cn/attachments/image/20170826/1503719612216535.png]
[7n.w3cschool.cn/attachments/image/20170826/1503719661286234.png]
[www.w3cschool.cn/echarts_tutorial/echarts_tutorial-2hgc28yv.html]
[www.w3cschool.cn/echarts_tutorial/echarts_tutorial-id7w2c65.html]
[www.w3cschool.cn/echarts_tutorial/echarts_tutorial-fvy72c64.html]
[7n.w3cschool.cn/attachments/image/20170826/1503734348213152.png]
[www.w3cschool.cn/echarts_tutorial/echarts_tutorial-9m4j2c67.html]
[www.w3cschool.cn/echarts_tutorial/echarts_tutorial-3quc2c92.html]
[www.w3cschool.cn/echarts_tutorial/echarts_tutorial-7g8x2c93.html]
[www.w3cschool.cn/echarts_tutorial/echarts_tutorial-tm2q2c94.html]
[www.w3cschool.cn/echarts_tutorial/echarts_tutorial-85wj2c95.html]
[www.w3cschool.cn/echarts_tutorial/echarts_tutorial-eam72c97.html]
[www.w3cschool.cn/echarts_tutorial/echarts_tutorial-2s672c98.html]
[www.w3cschool.cn/echarts_tutorial/echarts_tutorial-8bt32c99.html]
[www.w3cschool.cn/echarts_tutorial/echarts_tutorial-137p2c9c.html]
[www.w3cschool.cn/echarts_tutorial/echarts_tutorial-21jw2c9d.html]
[www.w3cschool.cn/echarts_tutorial/echarts_tutorial-qzti2c9e.html]
[www.w3cschool.cn/echarts_tutorial/echarts_tutorial-62g52c9f.html]
[www.w3cschool.cn/echarts_tutorial/echarts_tutorial-r9ia2c9g.html]
[www.w3cschool.cn/echarts_tutorial/echarts_tutorial-zwum2c9u.html]
[www.w3cschool.cn/echarts_tutorial/echarts_tutorial-dirl2c9v.html]
[www.w3cschool.cn/echarts_tutorial/echarts_tutorial-gy152c9w.html]
[www.w3cschool.cn/echarts_tutorial/echarts_tutorial-pr4a2c9x.html]
[www.w3cschool.cn/echarts_tutorial/echarts_tutorial-gts52ca1.html]
[www.w3cschool.cn/echarts_tutorial/echarts_tutorial-lcqa2ca6.html]
[www.w3cschool.cn/echarts_tutorial/echarts_tutorial-r9622ca7.html]
[www.w3cschool.cn/echarts_tutorial/echarts_tutorial-svx62ca8.html]
[www.w3cschool.cn/echarts_tutorial/echarts_tutorial-dq3h2cab.html]
[www.w3cschool.cn/echarts_tutorial/echarts_tutorial-rsk12caf.html]
[www.w3cschool.cn/echarts_tutorial/echarts_tutorial-j4k32cai.html]
[www.w3cschool.cn/echarts_tutorial/echarts_tutorial-h6qo2cal.html]
[www.w3cschool.cn/echarts_tutorial/echarts_tutorial-grna2cam.html]
[www.w3cschool.cn/echarts_tutorial/echarts_tutorial-ey1g28xg.html]
[www.w3cschool.cn/attachments/image/20170830/1504080841106155.png]
[www.w3cschool.cn/echarts_tutorial/echarts_tutorial-7heq2cdf.html]
[www.w3cschool.cn/echarts_tutorial/echarts_tutorial-xytp2cdh.html]
[www.w3cschool.cn/echarts_tutorial/echarts_tutorial-w9q12cdk.html]
[www.w3cschool.cn/echarts_tutorial/echarts_tutorial-vg7q2cdm.html]
[www.w3cschool.cn/echarts_tutorial/echarts_tutorial-3nwi2cdn.html]
[www.w3cschool.cn/echarts_tutorial/echarts_tutorial-yvib2cf9.html]
[www.w3cschool.cn/echarts_tutorial/echarts_tutorial-sobz2cfc.html]
[www.w3cschool.cn/echarts_tutorial/echarts_tutorial-j5fc2cfe.html]
[www.w3cschool.cn/echarts_tutorial/echarts_tutorial-eav62cfj.html]
[www.w3cschool.cn/echarts_tutorial/echarts_tutorial-3a2t2cfk.html]
[www.w3cschool.cn/echarts_tutorial/echarts_tutorial-nfmu2cfn.html]
[www.w3cschool.cn/echarts_tutorial/echarts_tutorial-ft5b2cgq.html]
[www.w3cschool.cn/echarts_tutorial/echarts_tutorial-n5i72cgs.html]
[www.w3cschool.cn/echarts_tutorial/echarts_tutorial-kzxo2cgv.html]
[www.w3cschool.cn/echarts_tutorial/echarts_tutorial-2dbe2cgw.html]
[www.w3cschool.cn/echarts_tutorial/echarts_tutorial-vnga2cgx.html]
[www.w3cschool.cn/echarts_tutorial/echarts_tutorial-q2bj2cgy.html]
[www.w3cschool.cn/echarts_tutorial/echarts_tutorial-gc232ch1.html]
[www.w3cschool.cn/echarts_tutorial/echarts_tutorial-uyx32ch2.html]
[www.w3cschool.cn/echarts_tutorial/echarts_tutorial-fehd2ch3.html]
[www.w3cschool.cn/echarts_tutorial/echarts_tutorial-vidn2ch4.html]
[www.w3cschool.cn/echarts_tutorial/echarts_tutorial-52dk2ch9.html]
[www.w3cschool.cn/echarts_tutorial/echarts_tutorial-jgsx2cj1.html]
[www.w3cschool.cn/echarts_tutorial/echarts_tutorial-w5vi2cj4.html]
[www.w3cschool.cn/echarts_tutorial/echarts_tutorial-e3wn2cj6.html]
[www.w3cschool.cn/echarts_tutorial/echarts_tutorial-5c3q2cj7.html]
[www.w3cschool.cn/echarts_tutorial/echarts_tutorial-hwyg2cj9.html]
[www.w3cschool.cn/echarts_tutorial/echarts_tutorial-d4py2cja.html]
[www.w3cschool.cn/echarts_tutorial/echarts_tutorial-3a272cjc.html]
[7n.w3cschool.cn/attachments/image/20170904/1504495766457823.png]
[www.w3cschool.cn/echarts_tutorial/echarts_tutorial-bfhq2cjg.html]
[www.w3cschool.cn/echarts_tutorial/echarts_tutorial-tfr92cjh.html]
[www.w3cschool.cn/echarts_tutorial/echarts_tutorial-dake2cji.html]
[www.w3cschool.cn/echarts_tutorial/echarts_tutorial-gjt72cjl.html]
[www.w3cschool.cn/echarts_tutorial/echarts_tutorial-k5ba2cjm.html]
[www.w3cschool.cn/echarts_tutorial/echarts_tutorial-pcvy2cjn.html]
[www.w3cschool.cn/echarts_tutorial/echarts_tutorial-irm32cjp.html]
[www.w3cschool.cn/echarts_tutorial/echarts_tutorial-9bg62cjq.html]
[7n.w3cschool.cn/attachments/image/20170904/1504508210826776.png]
[7n.w3cschool.cn/attachments/image/20170904/1504508275781021.png]
[7n.w3cschool.cn/attachments/image/20170904/1504508318460315.png]
[7n.w3cschool.cn/attachments/image/20170904/1504508390210058.png]
[www.w3cschool.cn/echarts_tutorial/echarts_tutorial-l9472cjs.html]
[www.w3cschool.cn/echarts_tutorial/echarts_tutorial-wci62cjt.html]
[www.w3cschool.cn/echarts_tutorial/echarts_tutorial-2w9c2cjv.html]
[www.w3cschool.cn/echarts_tutorial/echarts_tutorial-hi7q2cjw.html]
[www.w3cschool.cn/echarts_tutorial/echarts_tutorial-djc42ck1.html]
[www.w3cschool.cn/echarts_tutorial/echarts_tutorial-1ho52ck2.html]
[www.w3cschool.cn/echarts_tutorial/echarts_tutorial-am732ck6.html]
[www.w3cschool.cn/echarts_tutorial/echarts_tutorial-scma2ck7.html]
[www.w3cschool.cn/echarts_tutorial/echarts_tutorial-7uhy2cl0.html]
[www.w3cschool.cn/echarts_tutorial/echarts_tutorial-6wps2cl6.html]
[www.w3cschool.cn/echarts_tutorial/echarts_tutorial-621l2clb.html]
[www.w3cschool.cn/echarts_tutorial/echarts_tutorial-x1qt2cli.html]
[www.w3cschool.cn/echarts_tutorial/echarts_tutorial-im9x2clj.html]
[www.w3cschool.cn/echarts_tutorial/echarts_tutorial-8njm2cln.html]
[www.w3cschool.cn/echarts_tutorial/echarts_tutorial-9f1d2cls.html]
[www.w3cschool.cn/echarts_tutorial/echarts_tutorial-mwod2clt.html]
[www.w3cschool.cn/echarts_tutorial/echarts_tutorial-udow2clu.html]
[www.w3cschool.cn/echarts_tutorial/echarts_tutorial-j6id2clv.html]
[www.w3cschool.cn/echarts_tutorial/echarts_tutorial-kuxm2clw.html]
[www.w3cschool.cn/echarts_tutorial/echarts_tutorial-7dfi2clx.html]
[www.w3cschool.cn/echarts_tutorial/echarts_tutorial-k7c12cly.html]
[www.w3cschool.cn/echarts_tutorial/echarts_tutorial-jgth2cm0.html]
[www.w3cschool.cn/echarts_tutorial/echarts_tutorial-9jol2cm1.html]
[www.w3cschool.cn/echarts_tutorial/echarts_tutorial-zp1r2cm2.html]
[www.w3cschool.cn/echarts_tutorial/echarts_tutorial-4rvn2cm4.html]
[www.w3cschool.cn/echarts_tutorial/echarts_tutorial-razt2cm5.html]
[www.w3cschool.cn/echarts_tutorial/echarts_tutorial-xn9c2cm9.html]
[www.w3cschool.cn/echarts_tutorial/echarts_tutorial-6q4o2cmb.html]
[www.w3cschool.cn/echarts_tutorial/echarts_tutorial-ycpf2cmc.html]
[www.w3cschool.cn/echarts_tutorial/echarts_tutorial-83o62cpj.html]
[www.w3cschool.cn/echarts_tutorial/echarts_tutorial-a7vq2cpl.html]
[7n.w3cschool.cn/attachments/image/20170906/1504686304220506.png]
[www.w3cschool.cn/echarts_tutorial/echarts_tutorial-pld72cpp.html]
[www.w3cschool.cn/echarts_tutorial/echarts_tutorial-j1b72cpv.html]
[www.w3cschool.cn/echarts_tutorial/echarts_tutorial-3imb2cpz.html]
[www.w3cschool.cn/echarts_tutorial/echarts_tutorial-gr652cq0.html]
[www.w3cschool.cn/echarts_tutorial/echarts_tutorial-ozrt2cq1.html]
[www.w3cschool.cn/echarts_tutorial/echarts_tutorial-92et2cq2.html]
[www.w3cschool.cn/echarts_tutorial/echarts_tutorial-blqe2cq4.html]
[www.w3cschool.cn/echarts_tutorial/echarts_tutorial-zx4o2cq5.html]
[www.w3cschool.cn/echarts_tutorial/echarts_tutorial-gr6f2cq7.html]
[www.w3cschool.cn/echarts_tutorial/echarts_tutorial-2lrq2cq9.html]
[www.w3cschool.cn/echarts_tutorial/echarts_tutorial-36bz2cqb.html]
[www.w3cschool.cn/echarts_tutorial/echarts_tutorial-fds52cse.html]
[www.w3cschool.cn/echarts_tutorial/echarts_tutorial-7wgr2ct9.html]
[www.w3cschool.cn/echarts_tutorial/echarts_tutorial-o9tj2csz.html]
[www.w3cschool.cn/echarts_tutorial/echarts_tutorial-nls52ct1.html]
[www.w3cschool.cn/echarts_tutorial/echarts_tutorial-18xc2ct3.html]
[www.w3cschool.cn/echarts_tutorial/echarts_tutorial-mskl2ct8.html]
[www.w3cschool.cn/echarts_tutorial/echarts_tutorial-ij7d2cte.html]
[www.w3cschool.cn/echarts_tutorial/echarts_tutorial-lzr52ctg.html]
[www.w3cschool.cn/echarts_tutorial/echarts_tutorial-vg9t2cth.html]
[www.w3cschool.cn/echarts_tutorial/echarts_tutorial-k7ge2cti.html]
[www.w3cschool.cn/echarts_tutorial/echarts_tutorial-o2ak2ctl.html]
[www.w3cschool.cn/echarts_tutorial/echarts_tutorial-2fbv2cu5.html]
[www.w3cschool.cn/echarts_tutorial/echarts_tutorial-p19i2cua.html]
[www.w3cschool.cn/echarts_tutorial/echarts_tutorial-sb7t2cug.html]
[www.w3cschool.cn/echarts_tutorial/echarts_tutorial-fw212cuj.html]
[www.w3cschool.cn/echarts_tutorial/echarts_tutorial-no3h2cul.html]
[www.w3cschool.cn/echarts_tutorial/echarts_tutorial-is5o2cum.html]
[www.w3cschool.cn/echarts_tutorial/echarts_tutorial-pj1y2cuo.html]
[www.w3cschool.cn/echarts_tutorial/echarts_tutorial-ke1q2cup.html]
[www.w3cschool.cn/echarts_tutorial/echarts_tutorial-58jn2cw2.html]
[www.w3cschool.cn/echarts_tutorial/echarts_tutorial-nybr2cw6.html]
[www.w3cschool.cn/echarts_tutorial/echarts_tutorial-pnzg2cw7.html]
[7n.w3cschool.cn/attachments/image/20170911/1505098800228831.png]
[www.w3cschool.cn/echarts_tutorial/echarts_tutorial-wgsh2cw9.html]
[www.w3cschool.cn/echarts_tutorial/echarts_tutorial-zq6h2cwd.html]
[www.w3cschool.cn/echarts_tutorial/echarts_tutorial-d6q92cwh.html]
[www.w3cschool.cn/echarts_tutorial/echarts_tutorial-657j2cwr.html]
[www.w3cschool.cn/echarts_tutorial/echarts_tutorial-km272cwt.html]
[www.w3cschool.cn/echarts_tutorial/echarts_tutorial-p1r72cwv.html]
[www.w3cschool.cn/echarts_tutorial/echarts_tutorial-ven92cwx.html]
[www.w3cschool.cn/echarts_tutorial/echarts_tutorial-5tre2cwy.html]
[www.w3cschool.cn/echarts_tutorial/echarts_tutorial-5vnb2cx1.html]
[www.w3cschool.cn/echarts_tutorial/echarts_tutorial-uve52cx3.html]
[www.w3cschool.cn/echarts_tutorial/echarts_tutorial-h8g92cx6.html]
[www.w3cschool.cn/echarts_tutorial/echarts_tutorial-sxf12cxv.html]
[www.w3cschool.cn/echarts_tutorial/echarts_tutorial-ub762cxx.html]
[www.w3cschool.cn/echarts_tutorial/echarts_tutorial-ngiy2cxy.html]
[www.w3cschool.cn/echarts_tutorial/echarts_tutorial-hog62cy2.html]
[www.w3cschool.cn/echarts_tutorial/echarts_tutorial-wkdc2cy5.html]
[www.w3cschool.cn/echarts_tutorial/echarts_tutorial-f7j82cy6.html]
[www.w3cschool.cn/echarts_tutorial/echarts_tutorial-t26r2cya.html]
[www.w3cschool.cn/echarts_tutorial/echarts_tutorial-dvoi2cyf.html]
[7n.w3cschool.cn/attachments/image/20170912/1505186356171478.png]
[www.w3cschool.cn/echarts_tutorial/echarts_tutorial-nr6b2cyi.html]
[www.w3cschool.cn/echarts_tutorial/echarts_tutorial-ewv22cyu.html]
[www.w3cschool.cn/echarts_tutorial/echarts_tutorial-th3e2cyx.html]
[www.w3cschool.cn/echarts_tutorial/echarts_tutorial-7spz2cyy.html]
[7n.w3cschool.cn/attachments/image/20170912/1505197734577948.png]
[7n.w3cschool.cn/attachments/image/20170912/1505197869365333.png]
[7n.w3cschool.cn/attachments/image/20170912/1505197946947587.png]
[7n.w3cschool.cn/attachments/image/20170912/1505197992673279.png]
[www.w3cschool.cn/echarts_tutorial/echarts_tutorial-lc612cyz.html]
[www.w3cschool.cn/echarts_tutorial/echarts_tutorial-qawj2d0b.html]
[www.w3cschool.cn/echarts_tutorial/echarts_tutorial-lmgn2d0c.html]
[www.w3cschool.cn/echarts_tutorial/echarts_tutorial-qexy2d0d.html]
[www.w3cschool.cn/echarts_tutorial/echarts_tutorial-qmns2d0g.html]
[www.w3cschool.cn/echarts_tutorial/echarts_tutorial-8ysc2d0h.html]
[www.w3cschool.cn/echarts_tutorial/echarts_tutorial-6wnj2d0j.html]
[www.w3cschool.cn/echarts_tutorial/echarts_tutorial-nzjr2d0l.html]
[www.w3cschool.cn/echarts_tutorial/echarts_tutorial-qmn62d0m.html]
[www.w3cschool.cn/echarts_tutorial/echarts_tutorial-yua92d0v.html]
[www.w3cschool.cn/echarts_tutorial/echarts_tutorial-1g5c2d0w.html]
[www.w3cschool.cn/echarts_tutorial/echarts_tutorial-r2cv2d0y.html]
[www.w3cschool.cn/echarts_tutorial/echarts_tutorial-wsdi2d11.html]
[www.w3cschool.cn/echarts_tutorial/echarts_tutorial-e8ru2d12.html]
[www.w3cschool.cn/echarts_tutorial/echarts_tutorial-wyx82d20.html]
[7n.w3cschool.cn/attachments/image/20170914/1505353951847549.png]
[www.w3cschool.cn/echarts_tutorial/echarts_tutorial-uhmx2d21.html]
[www.w3cschool.cn/echarts_tutorial/echarts_tutorial-abo12d22.html]
[www.w3cschool.cn/echarts_tutorial/echarts_tutorial-1xb32d23.html]
[www.w3cschool.cn/echarts_tutorial/echarts_tutorial-q38v2d26.html]
[www.w3cschool.cn/echarts_tutorial/echarts_tutorial-lnx22d2s.html]
[www.w3cschool.cn/echarts_tutorial/echarts_tutorial-4u1p2d29.html]
[www.w3cschool.cn/echarts_tutorial/echarts_tutorial-jqix2d2d.html]
[www.w3cschool.cn/echarts_tutorial/echarts_tutorial-92pt2d2f.html]
[www.w3cschool.cn/echarts_tutorial/echarts_tutorial-upng2d2h.html]
[www.w3cschool.cn/echarts_tutorial/echarts_tutorial-w7412d2i.html]
[www.w3cschool.cn/echarts_tutorial/echarts_tutorial-6aqr2d2k.html]
[www.w3cschool.cn/echarts_tutorial/echarts_tutorial-th972d2m.html]
[www.w3cschool.cn/echarts_tutorial/echarts_tutorial-igzc2d2n.html]
[www.w3cschool.cn/echarts_tutorial/echarts_tutorial-vtgo2d2o.html]
[www.w3cschool.cn/echarts_tutorial/echarts_tutorial-ze972d2p.html]
[www.w3cschool.cn/echarts_tutorial/echarts_tutorial-8cfe2d3u.html]
[7n.w3cschool.cn/attachments/image/20170915/1505440499822706.png]
[7n.w3cschool.cn/attachments/image/20170915/1505440590114336.png]
[www.w3cschool.cn/echarts_tutorial/echarts_tutorial-ql432d3v.html]
[www.w3cschool.cn/echarts_tutorial/echarts_tutorial-5l6t2d3x.html]
[7n.w3cschool.cn/attachments/image/20170915/1505442436228605.png]
[www.w3cschool.cn/echarts_tutorial/echarts_tutorial-zhml2d40.html]
[www.w3cschool.cn/echarts_tutorial/echarts_tutorial-h81j2d44.html]
[www.w3cschool.cn/echarts_tutorial/echarts_tutorial-mag42d46.html]
[www.w3cschool.cn/echarts_tutorial/echarts_tutorial-cvbq2d4a.html]
[www.w3cschool.cn/echarts_tutorial/echarts_tutorial-kod62d4h.html]
[www.w3cschool.cn/echarts_tutorial/echarts_tutorial-ba7t2d4j.html]
[www.w3cschool.cn/echarts_tutorial/echarts_tutorial-16sw2d4k.html]
[www.w3cschool.cn/echarts_tutorial/echarts_tutorial-ep9f2d4l.html]
[www.w3cschool.cn/echarts_tutorial/echarts_tutorial-h8wj2d4m.html]
[www.w3cschool.cn/echarts_tutorial/echarts_tutorial-elsx2d4o.html]
[www.w3cschool.cn/echarts_tutorial/echarts_tutorial-ri2d2d4q.html]
[www.w3cschool.cn/echarts_tutorial/echarts_tutorial-vb822d6e.html]
[www.w3cschool.cn/echarts_tutorial/echarts_tutorial-chjg2d6g.html]
[7n.w3cschool.cn/attachments/image/20170918/1505700981287991.png]
[www.w3cschool.cn/echarts_tutorial/echarts_tutorial-46du2d6j.html]
[www.w3cschool.cn/echarts_tutorial/echarts_tutorial-qk5b2d6l.html]
[www.w3cschool.cn/echarts_tutorial/echarts_tutorial-d1r92d6m.html]
[www.w3cschool.cn/echarts_tutorial/echarts_tutorial-2bu52d6o.html]
[7n.w3cschool.cn/attachments/image/20170918/1505705552977528.png]
[www.w3cschool.cn/echarts_tutorial/echarts_tutorial-xn5e2d6q.html]
[www.w3cschool.cn/echarts_tutorial/echarts_tutorial-17ui2d6r.html]
[www.w3cschool.cn/echarts_tutorial/echarts_tutorial-vuco2d6v.html]
[www.w3cschool.cn/echarts_tutorial/echarts_tutorial-cmbf2d6w.html]
[www.w3cschool.cn/echarts_tutorial/echarts_tutorial-qxhb2d6y.html]
[www.w3cschool.cn/echarts_tutorial/echarts_tutorial-cf182d70.html]
[www.w3cschool.cn/echarts_tutorial/echarts_tutorial-1eqk2d72.html]
[7n.w3cschool.cn/attachments/image/20170919/1505785406930816.png]
[7n.w3cschool.cn/attachments/image/20170919/1505787490362591.png]
[www.w3cschool.cn/echarts_tutorial/echarts_tutorial-kqz12d81.html]
[7n.w3cschool.cn/attachments/image/20170919/1505788857176275.png]
[www.w3cschool.cn/echarts_tutorial/echarts_tutorial-mtjl2d83.html]
[7n.w3cschool.cn/attachments/image/20170919/1505792891914371.png]
[www.w3cschool.cn/echarts_tutorial/echarts_tutorial-w4jq2d89.html]
[www.w3cschool.cn/echarts_tutorial/echarts_tutorial-9x3p2d8b.html]
[www.w3cschool.cn/echarts_tutorial/echarts_tutorial-u6ci2d8f.html]
[www.w3cschool.cn/echarts_tutorial/echarts_tutorial-3io42d8g.html]
[www.w3cschool.cn/echarts_tutorial/echarts_tutorial-q7rk2d8h.html]
[www.w3cschool.cn/echarts_tutorial/echarts_tutorial-v1262d8i.html]
[7n.w3cschool.cn/attachments/image/20170919/1505803458704439.png]
[www.w3cschool.cn/echarts_tutorial/echarts_tutorial-ex2y2d8j.html]
[www.w3cschool.cn/echarts_tutorial/echarts_tutorial-6uhc2d8l.html]
[www.w3cschool.cn/echarts_tutorial/echarts_tutorial-xyf42d8m.html]
[7n.w3cschool.cn/attachments/image/20170920/1505872138480222.png]
[www.w3cschool.cn/echarts_tutorial/echarts_tutorial-4kf72d9i.html]
[www.w3cschool.cn/echarts_tutorial/echarts_tutorial-4hnc2d9j.html]
[www.w3cschool.cn/echarts_tutorial/echarts_tutorial-4nlz2d9r.html]
[www.w3cschool.cn/echarts_tutorial/echarts_tutorial-lz282d9t.html]
[www.w3cschool.cn/echarts_tutorial/echarts_tutorial-6sro2d9u.html]
[www.w3cschool.cn/echarts_tutorial/echarts_tutorial-4bpn2d9x.html]
[www.w3cschool.cn/echarts_tutorial/echarts_tutorial-cd232da0.html]
[7n.w3cschool.cn/attachments/image/20170920/1505891849767275.png]
[7n.w3cschool.cn/attachments/image/20170920/1505891941192110.png]
[7n.w3cschool.cn/attachments/image/20170920/1505892107712211.png]
[7n.w3cschool.cn/attachments/image/20170920/1505892242180140.png]
[www.w3cschool.cn/echarts_tutorial/echarts_tutorial-iapr2da1.html]
[www.w3cschool.cn/echarts_tutorial/echarts_tutorial-g1im2da6.html]
[www.w3cschool.cn/echarts_tutorial/echarts_tutorial-azwe2das.html]
[www.w3cschool.cn/echarts_tutorial/echarts_tutorial-vz7f2dat.html]
[www.w3cschool.cn/echarts_tutorial/echarts_tutorial-myw22daw.html]
[www.w3cschool.cn/echarts_tutorial/echarts_tutorial-3h1c2dax.html]
[www.w3cschool.cn/echarts_tutorial/echarts_tutorial-9c2h2day.html]
[7n.w3cschool.cn/attachments/image/20170921/1505962982751129.png]
[7n.w3cschool.cn/attachments/image/20170921/1505963413920305.png]
[7n.w3cschool.cn/attachments/image/20170921/1505963561403505.png]
[7n.w3cschool.cn/attachments/image/20170921/1505963647503432.png]
[www.w3cschool.cn/echarts_tutorial/echarts_tutorial-wnjk2db4.html]
[www.w3cschool.cn/echarts_tutorial/echarts_tutorial-u8l42dbb.html]
[www.w3cschool.cn/echarts_tutorial/echarts_tutorial-7dug2dbd.html]
[www.w3cschool.cn/echarts_tutorial/echarts_tutorial-jubz2dbi.html]
[www.w3cschool.cn/echarts_tutorial/echarts_tutorial-mik92dbk.html]
[www.w3cschool.cn/echarts_tutorial/echarts_tutorial-5yht2dbn.html]
[www.w3cschool.cn/echarts_tutorial/echarts_tutorial-1p5c2dbo.html]
[7n.w3cschool.cn/attachments/image/20170922/1506046120618269.png]
[www.w3cschool.cn/echarts_tutorial/echarts_tutorial-sm5l2dco.html]
[www.w3cschool.cn/echarts_tutorial/echarts_tutorial-tio32dct.html]
[www.w3cschool.cn/echarts_tutorial/echarts_tutorial-uf972dcu.html]
[www.w3cschool.cn/echarts_tutorial/echarts_tutorial-24vl2dcv.html]
[www.w3cschool.cn/echarts_tutorial/echarts_tutorial-29rg2dcw.html]
[www.w3cschool.cn/echarts_tutorial/echarts_tutorial-2jq72dd0.html]
[www.w3cschool.cn/echarts_tutorial/echarts_tutorial-cbva2dd1.html]
[www.w3cschool.cn/echarts_tutorial/echarts_tutorial-lcxv2dd3.html]
[www.w3cschool.cn/echarts_tutorial/echarts_tutorial-hdk52dd9.html]
[www.w3cschool.cn/echarts_tutorial/echarts_tutorial-fbnx2dda.html]
[www.w3cschool.cn/echarts_tutorial/echarts_tutorial-572j2dd4.html]
[www.w3cschool.cn/echarts_tutorial/echarts_tutorial-per12dd5.html]
[www.w3cschool.cn/echarts_tutorial/echarts_tutorial-a7ky2dd7.html]
[www.w3cschool.cn/echarts_tutorial/echarts_tutorial-7s8t2dd8.html]
[7n.w3cschool.cn/attachments/image/20170923/1506136251595788.png]
[7n.w3cschool.cn/attachments/image/20170923/1506136331752907.png]
[7n.w3cschool.cn/attachments/image/20170923/1506136419956633.png]
[7n.w3cschool.cn/attachments/image/20170923/1506137397373909.png]
[www.w3cschool.cn/echarts_tutorial/echarts_tutorial-si2c2de3.html]
[www.w3cschool.cn/echarts_tutorial/echarts_tutorial-dcm42de4.html]
[7n.w3cschool.cn/attachments/image/20170925/1506304696207347.png]
[www.w3cschool.cn/echarts_tutorial/echarts_tutorial-f9672dh8.html]
[www.w3cschool.cn/echarts_tutorial/echarts_tutorial-f2612dhb.html]
[www.w3cschool.cn/echarts_tutorial/echarts_tutorial-famc2dhd.html]
[www.w3cschool.cn/echarts_tutorial/echarts_tutorial-df2m2dhf.html]
[www.w3cschool.cn/echarts_tutorial/echarts_tutorial-jb7i2dip.html]
[www.w3cschool.cn/echarts_tutorial/echarts_tutorial-6gv82diu.html]
[www.w3cschool.cn/echarts_tutorial/echarts_tutorial-lj972diw.html]
[7n.w3cschool.cn/attachments/image/20170927/1506477803803767.png]
[7n.w3cschool.cn/attachments/image/20170927/1506477973639492.png]
[www.w3cschool.cn/echarts_tutorial/echarts_tutorial-sfjy2djz.html]
[www.w3cschool.cn/echarts_tutorial/echarts_tutorial-1f2q2dkd.html]
[www.w3cschool.cn/echarts_tutorial/echarts_tutorial-3bjn2dke.html]
[www.w3cschool.cn/echarts_tutorial/echarts_tutorial-7csr2dnh.html]
[7n.w3cschool.cn/attachments/image/20170928/1506568760634456.png]
[www.w3cschool.cn/echarts_tutorial/echarts_tutorial-e4692dnm.html]
[www.w3cschool.cn/echarts_tutorial/echarts_tutorial-x59p2dno.html]
[www.w3cschool.cn/echarts_tutorial/echarts_tutorial-9sxo2dny.html]
[www.w3cschool.cn/echarts_tutorial/echarts_tutorial-s8pb2do8.html]
[www.w3cschool.cn/echarts_tutorial/echarts_tutorial-t5ko2doa.html]
[www.w3cschool.cn/echarts_tutorial/echarts_tutorial-upv12dmo.html]
[www.w3cschool.cn/echarts_tutorial/echarts_tutorial-x3lj2doe.html]
[www.w3cschool.cn/echarts_tutorial/echarts_tutorial-3wap2dog.html]
[7n.w3cschool.cn/attachments/image/20170929/1506648333446926.png]
[www.w3cschool.cn/echarts_tutorial/echarts_tutorial-cu3j2dql.html]
[www.w3cschool.cn/echarts_tutorial/echarts_tutorial-vodm2dqm.html]
[www.w3cschool.cn/echarts_tutorial/echarts_tutorial-nauy2dqy.html]
[www.w3cschool.cn/echarts_tutorial/echarts_tutorial-vdqn2dr0.html]
[7n.w3cschool.cn/attachments/image/20170929/1506652037801760.png]
[www.w3cschool.cn/echarts_tutorial/echarts_tutorial-leo22dr4.html]
[www.w3cschool.cn/echarts_tutorial/echarts_tutorial-27xv2dr8.html]
[7n.w3cschool.cn/attachments/image/20170929/1506654667238912.png]
[www.w3cschool.cn/echarts_tutorial/echarts_tutorial-j7wf2dra.html]
[www.w3cschool.cn/echarts_tutorial/echarts_tutorial-gmuk2drc.html]
[www.w3cschool.cn/echarts_tutorial/echarts_tutorial-wict2dre.html]
[www.w3cschool.cn/echarts_tutorial/echarts_tutorial-ijun2drf.html]
[www.w3cschool.cn/echarts_tutorial/echarts_tutorial-b4we2drg.html]
[www.w3cschool.cn/echarts_tutorial/echarts_tutorial-52cy2dtb.html]
[www.w3cschool.cn/echarts_tutorial/echarts_tutorial-2efs2dte.html]
[www.w3cschool.cn/echarts_tutorial/echarts_tutorial-u6ib2dtg.html]
[www.w3cschool.cn/echarts_tutorial/echarts_tutorial-6wbd2dth.html]
[www.w3cschool.cn/echarts_tutorial/echarts_tutorial-mkie2dw0.html]
[www.w3cschool.cn/echarts_tutorial/echarts_tutorial-ueni2dw1.html]
[www.w3cschool.cn/echarts_tutorial/echarts_tutorial-6m122dw2.html]
[7n.w3cschool.cn/attachments/image/20171009/1507516973355863.png]
[www.w3cschool.cn/echarts_tutorial/echarts_tutorial-9w1h2dw3.html]
[www.w3cschool.cn/echarts_tutorial/echarts_tutorial-hgew2dw4.html]
[www.w3cschool.cn/echarts_tutorial/echarts_tutorial-27wx2dxy.html]
[www.w3cschool.cn/echarts_tutorial/echarts_tutorial-v42r2dy2.html]
[www.w3cschool.cn/echarts_tutorial/echarts_tutorial-4ibf2dya.html]
[www.w3cschool.cn/echarts_tutorial/echarts_tutorial-nv1y2dyh.html]
[www.w3cschool.cn/echarts_tutorial/echarts_tutorial-q7b22dyl.html]
[7n.w3cschool.cn/attachments/image/20171010/1507603393329119.png]
[7n.w3cschool.cn/attachments/image/20171010/1507603467489446.png]
[www.w3cschool.cn/echarts_tutorial/echarts_tutorial-3u872dym.html]
[www.w3cschool.cn/echarts_tutorial/echarts_tutorial-tnh12dyy.html]
[7n.w3cschool.cn/attachments/image/20171011/1507686263166893.png]
[www.w3cschool.cn/echarts_tutorial/echarts_tutorial-v8gi2e25.html]
[www.w3cschool.cn/echarts_tutorial/echarts_tutorial-o6hr2e2a.html]
[www.w3cschool.cn/echarts_tutorial/echarts_tutorial-5n8d2e4m.html]
[www.w3cschool.cn/echarts_tutorial/echarts_tutorial-sgb52e4u.html]
[www.w3cschool.cn/echarts_tutorial/echarts_tutorial-jxnz2e95.html]
[www.w3cschool.cn/echarts_tutorial/echarts_tutorial-2ads2e99.html]
[www.w3cschool.cn/echarts_tutorial/echarts_tutorial-5i6w2ebt.html]
[www.w3cschool.cn/echarts_tutorial/echarts_tutorial-haq12ehk.html]
[www.w3cschool.cn/echarts_tutorial/echarts_tutorial-op3a2ehv.html]
[www.w3cschool.cn/echarts_tutorial/echarts_tutorial-5y7f2ehx.html]
[7n.w3cschool.cn/attachments/image/20171011/1507688106636104.png]
[7n.w3cschool.cn/attachments/image/20171011/1507688177756905.png]
[7n.w3cschool.cn/attachments/image/20171011/1507688342564471.png]
[www.w3cschool.cn/echarts_tutorial/echarts_tutorial-imu62e2g.html]
[www.w3cschool.cn/echarts_tutorial/echarts_tutorial-hjl82e2i.html]
[www.w3cschool.cn/echarts_tutorial/echarts_tutorial-w7o42e4y.html]
[www.w3cschool.cn/echarts_tutorial/echarts_tutorial-v59r2e51.html]
[www.w3cschool.cn/echarts_tutorial/echarts_tutorial-site2e9e.html]
[www.w3cschool.cn/echarts_tutorial/echarts_tutorial-rejt2ek3.html]
[www.w3cschool.cn/echarts_tutorial/echarts_tutorial-rnlq2ek4.html]
[www.w3cschool.cn/echarts_tutorial/echarts_tutorial-ykdr2eka.html]
[7n.w3cschool.cn/attachments/image/20171017/1508229228862401.png]
[7n.w3cschool.cn/attachments/image/20171017/1508230262830267.png]
[7n.w3cschool.cn/attachments/image/20171017/1508229492768839.png]
[7n.w3cschool.cn/attachments/image/20171017/1508229701536213.png]
[7n.w3cschool.cn/attachments/image/20171017/1508229733690976.png]
[www.w3cschool.cn/echarts_tutorial/echarts_tutorial-rgnu2ekh.html]
[www.w3cschool.cn/echarts_tutorial/echarts_tutorial-4s9z2el9.html]
[www.w3cschool.cn/echarts_tutorial/echarts_tutorial-94ln2ela.html]
[www.w3cschool.cn/echarts_tutorial/echarts_tutorial-jqyw2elc.html]
[7n.w3cschool.cn/attachments/image/20171019/1508379555613148.png]
[www.w3cschool.cn/echarts_tutorial/echarts_tutorial-6vfb2eo3.html]
[www.w3cschool.cn/echarts_tutorial/echarts_tutorial-bvho2eom.html]
[www.w3cschool.cn/echarts_tutorial/echarts_tutorial-qvf92eop.html]
[www.w3cschool.cn/echarts_tutorial/echarts_tutorial-pokb2eqb.html]
[www.w3cschool.cn/echarts_tutorial/echarts_tutorial-9rcs2eqe.html]
[7n.w3cschool.cn/attachments/image/20171020/1508466789565673.png]
[www.w3cschool.cn/echarts_tutorial/echarts_tutorial-taks2eqh.html]
[www.w3cschool.cn/echarts_tutorial/echarts_tutorial-6gdt2eu1.html]
[7n.w3cschool.cn/attachments/image/20171024/1508811245480966.png]
[www.w3cschool.cn/echarts_tutorial/echarts_tutorial-peyc2evt.html]
[www.w3cschool.cn/echarts_tutorial/echarts_tutorial-iosx2ezt.html]
[7n.w3cschool.cn/attachments/image/20171026/1508982405356227.png]
[www.w3cschool.cn/echarts_tutorial/echarts_tutorial-hybj2f2r.html]
[www.w3cschool.cn/echarts_tutorial/echarts_tutorial-865z2f6a.html]
[www.w3cschool.cn/echarts_tutorial/echarts_tutorial-avhc2f6d.html]
[7n.w3cschool.cn/attachments/image/20171030/1509328942796153.png]
[www.w3cschool.cn/echarts_tutorial/echarts_tutorial-iu652fcc.html]
[www.w3cschool.cn/echarts_tutorial/echarts_tutorial-zq2j2ff2.html]
[www.w3cschool.cn/echarts_tutorial/echarts_tutorial-smak2fhn.html]
[7n.w3cschool.cn/attachments/image/20171102/1509586294474396.png]
[7n.w3cschool.cn/attachments/image/20171102/1509586431332112.png]
[www.w3cschool.cn/echarts_tutorial/echarts_tutorial-98nx2fjb.html]
[7n.w3cschool.cn/attachments/image/20171103/1509673692593738.png]
[www.w3cschool.cn/echarts_tutorial/echarts_tutorial-envj2fl0.html]
[7n.w3cschool.cn/attachments/image/20171106/1509933524669128.png]
[7n.w3cschool.cn/attachments/image/20171106/1509934179753551.png]
[www.w3cschool.cn/echarts_tutorial/echarts_tutorial-adpe2foq.html]
[www.w3cschool.cn/echarts_tutorial/echarts_tutorial-l2o72fqr.html]
[www.w3cschool.cn/echarts_tutorial/echarts_tutorial-d9ls2fqu.html]
[www.w3cschool.cn/echarts_tutorial/echarts_tutorial-v9mt2fte.html]
[www.w3cschool.cn/echarts_tutorial/echarts_tutorial-j1nw2fvv.html]
[www.w3cschool.cn/echarts_tutorial/echarts_tutorial-j2a42fy9.html]
[www.w3cschool.cn/echarts_tutorial/echarts_tutorial-vltp2g31.html]
[www.w3cschool.cn/echarts_tutorial/echarts_tutorial-m6uf2g6h.html]
[www.w3cschool.cn/echarts_tutorial/echarts_tutorial-kbri2g8x.html]
[www.w3cschool.cn/echarts_tutorial/echarts_tutorial-1tjc2j3n.html]
[www.w3cschool.cn/echarts_tutorial/echarts_tutorial-1qnm2gaj.html]
[www.w3cschool.cn/echarts_tutorial/echarts_tutorial-kg5b2gcb.html]
[www.w3cschool.cn/echarts_tutorial/echarts_tutorial-xghf2gfo.html]
[www.w3cschool.cn/echarts_tutorial/echarts_tutorial-659d2ggv.html]
[www.w3cschool.cn/echarts_tutorial/echarts_tutorial-i7ml2gj0.html]
[www.w3cschool.cn/echarts_tutorial/echarts_tutorial-7pbk2gm8.html]
[www.w3cschool.cn/echarts_tutorial/echarts_tutorial-b4l52gpi.html]
[www.w3cschool.cn/echarts_tutorial/echarts_tutorial-nlur2gsy.html]
[www.w3cschool.cn/echarts_tutorial/echarts_tutorial-oyf72gur.html]
[www.w3cschool.cn/echarts_tutorial/echarts_tutorial-dkse2h2r.html]
[www.w3cschool.cn/echarts_tutorial/echarts_tutorial-qpfl2h11.html]
[www.w3cschool.cn/echarts_tutorial/echarts_tutorial-drkp2h2s.html]
[www.w3cschool.cn/echarts_tutorial/echarts_tutorial-53de2h69.html]
[www.w3cschool.cn/echarts_tutorial/echarts_tutorial-h4y62h9j.html]
[www.w3cschool.cn/echarts_tutorial/echarts_tutorial-bj682izj.html]
[www.w3cschool.cn/echarts_tutorial/echarts_tutorial-p37d2hei.html]
[www.w3cschool.cn/echarts_tutorial/echarts_tutorial-otrv2hgf.html]
[www.w3cschool.cn/echarts_tutorial/echarts_tutorial-nmzo2hin.html]
[www.w3cschool.cn/echarts_tutorial/echarts_tutorial-gz7n2hne.html]
[www.w3cschool.cn/echarts_tutorial/echarts_tutorial-57f32hqi.html]
[www.w3cschool.cn/echarts_tutorial/echarts_tutorial-5dve2in0.html]
[www.w3cschool.cn/echarts_tutorial/echarts_tutorial-2ahz2hsz.html]
[www.w3cschool.cn/echarts_tutorial/echarts_tutorial-vy212hy7.html]
[www.w3cschool.cn/echarts_tutorial/echarts_tutorial-znms2i2b.html]
[www.w3cschool.cn/echarts_tutorial/echarts_tutorial-kz5o2i7j.html]
[www.w3cschool.cn/echarts_tutorial/echarts_tutorial-rdm32i99.html]
[www.w3cschool.cn/echarts_tutorial/echarts_tutorial-ztlr2ibw.html]
[www.w3cschool.cn/echarts_tutorial/echarts_tutorial-i5pr2ifg.html]
[www.w3cschool.cn/echarts_tutorial/echarts_tutorial-86h52ihh.html]
[www.w3cschool.cn/echarts_tutorial/echarts_tutorial-garm2jc4.html]
[www.w3cschool.cn/echarts_tutorial/echarts_tutorial-c8eo2jgi.html]
[www.w3cschool.cn/echarts_tutorial/echarts_tutorial-ygw12jih.html]
[echarts.baidu.com/dist/echarts.min.js]
[echarts.baidu.com/dist/echarts.js]
[7nsts.w3cschool.cn/images/w3c/icon-copy.html]
[www.w3cschool.cn/echarts_tutorial/list4658.html]
[www.w3cschool.cn/echarts_tutorial/list9ba9.html]
[www.w3cschool.cn/echarts_tutorial/listfdb0.html]
[www.w3cschool.cn/echarts_tutorial/listaf4d.html]
[www.w3cschool.cn/echarts_tutorial/listc575.html]
[www.w3cschool.cn/echarts_tutorial/list235c.html]
[www.w3cschool.cn/echarts_tutorial/listfdfa.html]
[www.w3cschool.cn/echarts_tutorial/list0b08.html]
[www.w3cschool.cn/echarts_tutorial/list1448.html]
[www.w3cschool.cn/echarts_tutorial/list2459.html]
[www.w3cschool.cn/echarts_tutorial/index.html]
[www.w3cschool.cn/echarts_tutorial/echarts_tutorial-f6lq2c90.html]
[www.w3cschool.cn/echarts_tutorial/echart_来自ECharts教程，w3cschool。_.html]
